2026-08-10 17:54:02,066 [INFO] ======================================================================
2026-08-10 17:54:02,066 [INFO] FORMULA 1 ML DATASET BUILDER
2026-08-10 17:54:02,066 [INFO] ======================================================================
2026-08-10 17:54:02,066 [INFO] Project Root: /Users/bhanubanny/Desktop/formulaOne/F1_ML_DATASETS
2026-08-10 17:54:02,066 [INFO] Timestamp: 2026-08-10T17:54:02.066831
2026-08-10 17:54:02,066 [INFO] 
2026-08-10 17:54:02,067 [INFO] Loading f1db-chassis.csv...
2026-08-10 17:54:02,068 [INFO]   ✓ Loaded: 1153 rows, 4 columns
2026-08-10 17:54:02,069 [INFO] Loading f1db-circuits-layouts.csv...
2026-08-10 17:54:02,069 [INFO]   ✓ Loaded: 160 rows, 5 columns
2026-08-10 17:54:02,069 [INFO] Loading f1db-circuits.csv...
2026-08-10 17:54:02,070 [INFO]   ✓ Loaded: 78 rows, 13 columns
2026-08-10 17:54:02,070 [INFO] Loading f1db-constructors-chronology.csv...
2026-08-10 17:54:02,070 [INFO]   ✓ Loaded: 217 rows, 5 columns
2026-08-10 17:54:02,070 [INFO] Loading f1db-constructors.csv...
2026-08-10 17:54:02,071 [INFO]   ✓ Loaded: 187 rows, 22 columns
2026-08-10 17:54:02,071 [INFO] Loading f1db-continents.csv...
2026-08-10 17:54:02,071 [INFO]   ✓ Loaded: 7 rows, 4 columns
2026-08-10 17:54:02,071 [INFO] Loading f1db-countries.csv...
2026-08-10 17:54:02,072 [INFO]   ✓ Loaded: 249 rows, 7 columns
2026-08-10 17:54:02,072 [INFO] Loading f1db-drivers-family-relationships.csv...
2026-08-10 17:54:02,072 [INFO]   ✓ Loaded: 86 rows, 4 columns
2026-08-10 17:54:02,072 [INFO] Loading f1db-drivers.csv...
2026-08-10 17:54:02,075 [INFO]   ✓ Loaded: 917 rows, 32 columns
2026-08-10 17:54:02,075 [INFO] Loading f1db-engine-manufacturers.csv...
2026-08-10 17:54:02,075 [INFO]   ✓ Loaded: 78 rows, 20 columns
2026-08-10 17:54:02,075 [INFO] Loading f1db-engines.csv...
2026-08-10 17:54:02,076 [INFO]   ✓ Loaded: 424 rows, 7 columns
2026-08-10 17:54:02,076 [INFO] Loading f1db-entrants.csv...
2026-08-10 17:54:02,077 [INFO]   ✓ Loaded: 830 rows, 2 columns
2026-08-10 17:54:02,077 [INFO] Loading f1db-grands-prix.csv...
2026-08-10 17:54:02,077 [INFO]   ✓ Loaded: 54 rows, 7 columns
2026-08-10 17:54:02,077 [INFO] Loading f1db-races-constructor-standings.csv...
2026-08-10 17:54:02,080 [INFO]   ✓ Loaded: 10610 rows, 11 columns
2026-08-10 17:54:02,080 [INFO] Loading f1db-races-driver-of-the-day-results.csv...
2026-08-10 17:54:02,081 [INFO]   ✓ Loaded: 874 rows, 12 columns
2026-08-10 17:54:02,081 [INFO] Loading f1db-races-driver-standings.csv...
2026-08-10 17:54:02,087 [INFO]   ✓ Loaded: 21449 rows, 10 columns
2026-08-10 17:54:02,087 [INFO] Loading f1db-races-fastest-laps.csv...
2026-08-10 17:54:02,100 [INFO]   ✓ Loaded: 17085 rows, 18 columns
2026-08-10 17:54:02,100 [INFO] Loading f1db-races-free-practice-1-results.csv...
2026-08-10 17:54:02,112 [INFO]   ✓ Loaded: 16076 rows, 18 columns
2026-08-10 17:54:02,112 [INFO] Loading f1db-races-free-practice-2-results.csv...
2026-08-10 17:54:02,124 [INFO]   ✓ Loaded: 15509 rows, 18 columns
2026-08-10 17:54:02,124 [INFO] Loading f1db-races-free-practice-3-results.csv...
2026-08-10 17:54:02,130 [INFO]   ✓ Loaded: 8823 rows, 18 columns
2026-08-10 17:54:02,130 [INFO] Loading f1db-races-free-practice-4-results.csv...
2026-08-10 17:54:02,131 [INFO]   ✓ Loaded: 706 rows, 18 columns
2026-08-10 17:54:02,131 [INFO] Loading f1db-races-pit-stops.csv...
2026-08-10 17:54:02,142 [INFO]   ✓ Loaded: 22430 rows, 15 columns
2026-08-10 17:54:02,142 [INFO] Loading f1db-races-pre-qualifying-results.csv...
2026-08-10 17:54:02,143 [INFO]   ✓ Loaded: 647 rows, 24 columns
2026-08-10 17:54:02,143 [INFO] Loading f1db-races-qualifying-1-results.csv...
2026-08-10 17:54:02,150 [INFO]   ✓ Loaded: 7707 rows, 24 columns
2026-08-10 17:54:02,150 [INFO] Loading f1db-races-qualifying-2-results.csv...
2026-08-10 17:54:02,156 [INFO]   ✓ Loaded: 7541 rows, 24 columns
2026-08-10 17:54:02,156 [INFO] Loading f1db-races-qualifying-results.csv...
2026-08-10 17:54:02,181 [INFO]   ✓ Loaded: 26954 rows, 24 columns
2026-08-10 17:54:02,181 [INFO] Loading f1db-races-race-results.csv...
2026-08-10 17:54:02,213 [INFO]   ✓ Loaded: 27533 rows, 34 columns
2026-08-10 17:54:02,213 [INFO] Loading f1db-races-sprint-qualifying-results.csv...
2026-08-10 17:54:02,214 [INFO]   ✓ Loaded: 444 rows, 24 columns
2026-08-10 17:54:02,214 [INFO] Loading f1db-races-sprint-race-results.csv...
2026-08-10 17:54:02,216 [INFO]   ✓ Loaded: 568 rows, 34 columns
2026-08-10 17:54:02,216 [INFO] Loading f1db-races-sprint-starting-grid-positions.csv...
2026-08-10 17:54:02,217 [INFO]   ✓ Loaded: 567 rows, 17 columns
2026-08-10 17:54:02,217 [INFO] Loading f1db-races-starting-grid-positions.csv...
2026-08-10 17:54:02,234 [INFO]   ✓ Loaded: 25770 rows, 17 columns
2026-08-10 17:54:02,234 [INFO] Loading f1db-races-warming-up-results.csv...
2026-08-10 17:54:02,241 [INFO]   ✓ Loaded: 7683 rows, 18 columns
2026-08-10 17:54:02,241 [INFO] Loading f1db-races.csv...
2026-08-10 17:54:02,244 [INFO]   ✓ Loaded: 1171 rows, 47 columns
2026-08-10 17:54:02,244 [INFO] Loading f1db-seasons-constructor-standings.csv...
2026-08-10 17:54:02,244 [INFO]   ✓ Loaded: 721 rows, 8 columns
2026-08-10 17:54:02,244 [INFO] Loading f1db-seasons-constructors.csv...
2026-08-10 17:54:02,245 [INFO]   ✓ Loaded: 1079 rows, 19 columns
2026-08-10 17:54:02,245 [INFO] Loading f1db-seasons-driver-standings.csv...
2026-08-10 17:54:02,246 [INFO]   ✓ Loaded: 1680 rows, 7 columns
2026-08-10 17:54:02,246 [INFO] Loading f1db-seasons-drivers.csv...
2026-08-10 17:54:02,248 [INFO]   ✓ Loaded: 3415 rows, 19 columns
2026-08-10 17:54:02,248 [INFO] Loading f1db-seasons-engine-manufacturers.csv...
2026-08-10 17:54:02,249 [INFO]   ✓ Loaded: 560 rows, 18 columns
2026-08-10 17:54:02,249 [INFO] Loading f1db-seasons-entrants-chassis.csv...
2026-08-10 17:54:02,250 [INFO]   ✓ Loaded: 2292 rows, 5 columns
2026-08-10 17:54:02,250 [INFO] Loading f1db-seasons-entrants-constructors.csv...
2026-08-10 17:54:02,251 [INFO]   ✓ Loaded: 1925 rows, 4 columns
2026-08-10 17:54:02,251 [INFO] Loading f1db-seasons-entrants-drivers.csv...
2026-08-10 17:54:02,254 [INFO]   ✓ Loaded: 3880 rows, 8 columns
2026-08-10 17:54:02,254 [INFO] Loading f1db-seasons-entrants-engines.csv...
2026-08-10 17:54:02,255 [INFO]   ✓ Loaded: 2027 rows, 5 columns
2026-08-10 17:54:02,255 [INFO] Loading f1db-seasons-entrants-tyre-manufacturers.csv...
2026-08-10 17:54:02,256 [INFO]   ✓ Loaded: 1955 rows, 5 columns
2026-08-10 17:54:02,256 [INFO] Loading f1db-seasons-entrants.csv...
2026-08-10 17:54:02,257 [INFO]   ✓ Loaded: 1799 rows, 3 columns
2026-08-10 17:54:02,257 [INFO] Loading f1db-seasons-tyre-manufacturers.csv...
2026-08-10 17:54:02,257 [INFO]   ✓ Loaded: 160 rows, 15 columns
2026-08-10 17:54:02,257 [INFO] Loading f1db-seasons.csv...
2026-08-10 17:54:02,257 [INFO]   ✓ Loaded: 77 rows, 1 columns
2026-08-10 17:54:02,257 [INFO] Loading f1db-tyre-manufacturers.csv...
2026-08-10 17:54:02,258 [INFO]   ✓ Loaded: 9 rows, 16 columns
2026-08-10 17:54:02,258 [INFO] 
✓ Loaded 47 tables from F1DB
2026-08-10 17:54:02,258 [INFO] 
2026-08-10 17:54:02,258 [INFO] ======================================================================
2026-08-10 17:54:02,258 [INFO] PHASE 2: FEATURE ENGINEERING
2026-08-10 17:54:02,258 [INFO] ======================================================================
2026-08-10 17:54:02,258 [INFO] Creating race prediction dataset (PRE-QUALIFYING)...
2026-08-10 17:54:02,258 [WARNING] No results data; skipping race prediction dataset
2026-08-10 17:54:02,258 [INFO] 
✓ Successfully created 1 datasets
2026-08-10 17:54:02,258 [INFO] 
2026-08-10 17:54:02,258 [INFO] ======================================================================
2026-08-10 17:54:02,258 [INFO] PHASE 3: SAVING DATASETS
2026-08-10 17:54:02,258 [INFO] ======================================================================
2026-08-10 17:54:02,258 [INFO] 
2026-08-10 17:54:02,258 [INFO] ======================================================================
2026-08-10 17:54:02,258 [INFO] PHASE 4: DATA QUALITY REPORT
2026-08-10 17:54:02,258 [INFO] ======================================================================
2026-08-10 17:54:02,258 [INFO] Checking 01_race_prediction_PRE_QUALIFYING...
2026-08-10 17:54:02,259 [INFO]   Rows: 0, Columns: 0
2026-08-10 17:54:02,259 [INFO]   Missing: nan%, Duplicates: 0.00%
2026-08-10 17:54:02,259 [INFO] ✓ Quality report saved: /Users/bhanubanny/Desktop/formulaOne/F1_ML_DATASETS/documentation/DATA_QUALITY_REPORT.md
2026-08-10 17:54:02,259 [INFO] 
2026-08-10 17:54:02,259 [INFO] ======================================================================
2026-08-10 17:54:02,259 [INFO] BUILD COMPLETE
2026-08-10 17:54:02,259 [INFO] ======================================================================
2026-08-10 17:54:02,259 [INFO] 
2026-08-10 17:54:02,259 [INFO] Datasets saved to: /Users/bhanubanny/Desktop/formulaOne/F1_ML_DATASETS/processed_data
2026-08-10 17:54:02,259 [INFO] Documentation saved to: /Users/bhanubanny/Desktop/formulaOne/F1_ML_DATASETS/documentation
2026-08-10 17:54:02,259 [INFO] Process log: /Users/bhanubanny/Desktop/formulaOne/F1_ML_DATASETS/documentation/process.log
2026-08-10 17:56:02,956 [INFO] ======================================================================
2026-08-10 17:56:02,957 [INFO] FORMULA 1 ML DATASET BUILDER
2026-08-10 17:56:02,957 [INFO] ======================================================================
2026-08-10 17:56:02,957 [INFO] Project Root: /Users/bhanubanny/Desktop/formulaOne/F1_ML_DATASETS
2026-08-10 17:56:02,957 [INFO] Timestamp: 2026-08-10T17:56:02.957223
2026-08-10 17:56:02,957 [INFO] 
2026-08-10 17:56:02,957 [INFO] Loading f1db-chassis.csv...
2026-08-10 17:56:02,960 [INFO]   ✓ Loaded: 1153 rows, 4 columns
2026-08-10 17:56:02,960 [INFO] Loading f1db-circuits-layouts.csv...
2026-08-10 17:56:02,961 [INFO]   ✓ Loaded: 160 rows, 5 columns
2026-08-10 17:56:02,961 [INFO] Loading f1db-circuits.csv...
2026-08-10 17:56:02,962 [INFO]   ✓ Loaded: 78 rows, 13 columns
2026-08-10 17:56:02,962 [INFO] Loading f1db-constructors-chronology.csv...
2026-08-10 17:56:02,962 [INFO]   ✓ Loaded: 217 rows, 5 columns
2026-08-10 17:56:02,962 [INFO] Loading f1db-constructors.csv...
2026-08-10 17:56:02,963 [INFO]   ✓ Loaded: 187 rows, 22 columns
2026-08-10 17:56:02,963 [INFO] Loading f1db-continents.csv...
2026-08-10 17:56:02,963 [INFO]   ✓ Loaded: 7 rows, 4 columns
2026-08-10 17:56:02,963 [INFO] Loading f1db-countries.csv...
2026-08-10 17:56:02,964 [INFO]   ✓ Loaded: 249 rows, 7 columns
2026-08-10 17:56:02,964 [INFO] Loading f1db-drivers-family-relationships.csv...
2026-08-10 17:56:02,964 [INFO]   ✓ Loaded: 86 rows, 4 columns
2026-08-10 17:56:02,964 [INFO] Loading f1db-drivers.csv...
2026-08-10 17:56:02,966 [INFO]   ✓ Loaded: 917 rows, 32 columns
2026-08-10 17:56:02,966 [INFO] Loading f1db-engine-manufacturers.csv...
2026-08-10 17:56:02,967 [INFO]   ✓ Loaded: 78 rows, 20 columns
2026-08-10 17:56:02,967 [INFO] Loading f1db-engines.csv...
2026-08-10 17:56:02,967 [INFO]   ✓ Loaded: 424 rows, 7 columns
2026-08-10 17:56:02,967 [INFO] Loading f1db-entrants.csv...
2026-08-10 17:56:02,968 [INFO]   ✓ Loaded: 830 rows, 2 columns
2026-08-10 17:56:02,968 [INFO] Loading f1db-grands-prix.csv...
2026-08-10 17:56:02,968 [INFO]   ✓ Loaded: 54 rows, 7 columns
2026-08-10 17:56:02,968 [INFO] Loading f1db-races-constructor-standings.csv...
2026-08-10 17:56:02,972 [INFO]   ✓ Loaded: 10610 rows, 11 columns
2026-08-10 17:56:02,972 [INFO] Loading f1db-races-driver-of-the-day-results.csv...
2026-08-10 17:56:02,972 [INFO]   ✓ Loaded: 874 rows, 12 columns
2026-08-10 17:56:02,972 [INFO] Loading f1db-races-driver-standings.csv...
2026-08-10 17:56:02,978 [INFO]   ✓ Loaded: 21449 rows, 10 columns
2026-08-10 17:56:02,978 [INFO] Loading f1db-races-fastest-laps.csv...
2026-08-10 17:56:02,991 [INFO]   ✓ Loaded: 17085 rows, 18 columns
2026-08-10 17:56:02,991 [INFO] Loading f1db-races-free-practice-1-results.csv...
2026-08-10 17:56:03,003 [INFO]   ✓ Loaded: 16076 rows, 18 columns
2026-08-10 17:56:03,003 [INFO] Loading f1db-races-free-practice-2-results.csv...
2026-08-10 17:56:03,014 [INFO]   ✓ Loaded: 15509 rows, 18 columns
2026-08-10 17:56:03,015 [INFO] Loading f1db-races-free-practice-3-results.csv...
2026-08-10 17:56:03,021 [INFO]   ✓ Loaded: 8823 rows, 18 columns
2026-08-10 17:56:03,021 [INFO] Loading f1db-races-free-practice-4-results.csv...
2026-08-10 17:56:03,022 [INFO]   ✓ Loaded: 706 rows, 18 columns
2026-08-10 17:56:03,022 [INFO] Loading f1db-races-pit-stops.csv...
2026-08-10 17:56:03,033 [INFO]   ✓ Loaded: 22430 rows, 15 columns
2026-08-10 17:56:03,033 [INFO] Loading f1db-races-pre-qualifying-results.csv...
2026-08-10 17:56:03,034 [INFO]   ✓ Loaded: 647 rows, 24 columns
2026-08-10 17:56:03,034 [INFO] Loading f1db-races-qualifying-1-results.csv...
2026-08-10 17:56:03,041 [INFO]   ✓ Loaded: 7707 rows, 24 columns
2026-08-10 17:56:03,041 [INFO] Loading f1db-races-qualifying-2-results.csv...
2026-08-10 17:56:03,047 [INFO]   ✓ Loaded: 7541 rows, 24 columns
2026-08-10 17:56:03,047 [INFO] Loading f1db-races-qualifying-results.csv...
2026-08-10 17:56:03,072 [INFO]   ✓ Loaded: 26954 rows, 24 columns
2026-08-10 17:56:03,072 [INFO] Loading f1db-races-race-results.csv...
2026-08-10 17:56:03,104 [INFO]   ✓ Loaded: 27533 rows, 34 columns
2026-08-10 17:56:03,104 [INFO] Loading f1db-races-sprint-qualifying-results.csv...
2026-08-10 17:56:03,105 [INFO]   ✓ Loaded: 444 rows, 24 columns
2026-08-10 17:56:03,105 [INFO] Loading f1db-races-sprint-race-results.csv...
2026-08-10 17:56:03,107 [INFO]   ✓ Loaded: 568 rows, 34 columns
2026-08-10 17:56:03,107 [INFO] Loading f1db-races-sprint-starting-grid-positions.csv...
2026-08-10 17:56:03,108 [INFO]   ✓ Loaded: 567 rows, 17 columns
2026-08-10 17:56:03,108 [INFO] Loading f1db-races-starting-grid-positions.csv...
2026-08-10 17:56:03,125 [INFO]   ✓ Loaded: 25770 rows, 17 columns
2026-08-10 17:56:03,125 [INFO] Loading f1db-races-warming-up-results.csv...
2026-08-10 17:56:03,132 [INFO]   ✓ Loaded: 7683 rows, 18 columns
2026-08-10 17:56:03,132 [INFO] Loading f1db-races.csv...
2026-08-10 17:56:03,135 [INFO]   ✓ Loaded: 1171 rows, 47 columns
2026-08-10 17:56:03,135 [INFO] Loading f1db-seasons-constructor-standings.csv...
2026-08-10 17:56:03,135 [INFO]   ✓ Loaded: 721 rows, 8 columns
2026-08-10 17:56:03,135 [INFO] Loading f1db-seasons-constructors.csv...
2026-08-10 17:56:03,136 [INFO]   ✓ Loaded: 1079 rows, 19 columns
2026-08-10 17:56:03,136 [INFO] Loading f1db-seasons-driver-standings.csv...
2026-08-10 17:56:03,137 [INFO]   ✓ Loaded: 1680 rows, 7 columns
2026-08-10 17:56:03,137 [INFO] Loading f1db-seasons-drivers.csv...
2026-08-10 17:56:03,139 [INFO]   ✓ Loaded: 3415 rows, 19 columns
2026-08-10 17:56:03,139 [INFO] Loading f1db-seasons-engine-manufacturers.csv...
2026-08-10 17:56:03,140 [INFO]   ✓ Loaded: 560 rows, 18 columns
2026-08-10 17:56:03,140 [INFO] Loading f1db-seasons-entrants-chassis.csv...
2026-08-10 17:56:03,141 [INFO]   ✓ Loaded: 2292 rows, 5 columns
2026-08-10 17:56:03,141 [INFO] Loading f1db-seasons-entrants-constructors.csv...
2026-08-10 17:56:03,142 [INFO]   ✓ Loaded: 1925 rows, 4 columns
2026-08-10 17:56:03,142 [INFO] Loading f1db-seasons-entrants-drivers.csv...
2026-08-10 17:56:03,145 [INFO]   ✓ Loaded: 3880 rows, 8 columns
2026-08-10 17:56:03,145 [INFO] Loading f1db-seasons-entrants-engines.csv...
2026-08-10 17:56:03,146 [INFO]   ✓ Loaded: 2027 rows, 5 columns
2026-08-10 17:56:03,146 [INFO] Loading f1db-seasons-entrants-tyre-manufacturers.csv...
2026-08-10 17:56:03,147 [INFO]   ✓ Loaded: 1955 rows, 5 columns
2026-08-10 17:56:03,147 [INFO] Loading f1db-seasons-entrants.csv...
2026-08-10 17:56:03,148 [INFO]   ✓ Loaded: 1799 rows, 3 columns
2026-08-10 17:56:03,148 [INFO] Loading f1db-seasons-tyre-manufacturers.csv...
2026-08-10 17:56:03,148 [INFO]   ✓ Loaded: 160 rows, 15 columns
2026-08-10 17:56:03,148 [INFO] Loading f1db-seasons.csv...
2026-08-10 17:56:03,149 [INFO]   ✓ Loaded: 77 rows, 1 columns
2026-08-10 17:56:03,149 [INFO] Loading f1db-tyre-manufacturers.csv...
2026-08-10 17:56:03,149 [INFO]   ✓ Loaded: 9 rows, 16 columns
2026-08-10 17:56:03,149 [INFO] 
✓ Loaded 47 tables from F1DB
2026-08-10 17:56:03,149 [INFO] 
2026-08-10 17:56:03,149 [INFO] ======================================================================
2026-08-10 17:56:03,149 [INFO] PHASE 2: FEATURE ENGINEERING
2026-08-10 17:56:03,149 [INFO] ======================================================================
2026-08-10 17:56:03,149 [INFO] Creating race prediction dataset (PRE-QUALIFYING)...
2026-08-10 17:56:03,149 [WARNING] No results data; skipping race prediction dataset
2026-08-10 17:56:03,149 [INFO] 
✓ Successfully created 1 datasets
2026-08-10 17:56:03,149 [INFO] 
2026-08-10 17:56:03,149 [INFO] ======================================================================
2026-08-10 17:56:03,149 [INFO] PHASE 3: SAVING DATASETS
2026-08-10 17:56:03,149 [INFO] ======================================================================
2026-08-10 17:56:03,149 [INFO] 
2026-08-10 17:56:03,149 [INFO] ======================================================================
2026-08-10 17:56:03,149 [INFO] PHASE 4: DATA QUALITY REPORT
2026-08-10 17:56:03,149 [INFO] ======================================================================
2026-08-10 17:56:03,149 [INFO] Checking 01_race_prediction_PRE_QUALIFYING...
2026-08-10 17:56:03,150 [INFO]   Rows: 0, Columns: 0
2026-08-10 17:56:03,150 [INFO]   Missing: nan%, Duplicates: 0.00%
2026-08-10 17:56:03,150 [INFO] ✓ Quality report saved: /Users/bhanubanny/Desktop/formulaOne/F1_ML_DATASETS/documentation/DATA_QUALITY_REPORT.md
2026-08-10 17:56:03,150 [INFO] 
2026-08-10 17:56:03,150 [INFO] ======================================================================
2026-08-10 17:56:03,150 [INFO] BUILD COMPLETE
2026-08-10 17:56:03,150 [INFO] ======================================================================
2026-08-10 17:56:03,150 [INFO] 
2026-08-10 17:56:03,150 [INFO] Datasets saved to: /Users/bhanubanny/Desktop/formulaOne/F1_ML_DATASETS/processed_data
2026-08-10 17:56:03,150 [INFO] Documentation saved to: /Users/bhanubanny/Desktop/formulaOne/F1_ML_DATASETS/documentation
2026-08-10 17:56:03,150 [INFO] Process log: /Users/bhanubanny/Desktop/formulaOne/F1_ML_DATASETS/documentation/process.log
2026-08-10 17:56:45,443 [INFO] ======================================================================
2026-08-10 17:56:45,443 [INFO] FORMULA 1 ML DATASET BUILDER
2026-08-10 17:56:45,443 [INFO] ======================================================================
2026-08-10 17:56:45,443 [INFO] Project Root: /Users/bhanubanny/Desktop/formulaOne/F1_ML_DATASETS
2026-08-10 17:56:45,443 [INFO] Timestamp: 2026-08-10T17:56:45.443345
2026-08-10 17:56:45,443 [INFO] 
2026-08-10 17:56:45,443 [INFO] Loading f1db-chassis.csv...
2026-08-10 17:56:45,444 [INFO]   ✓ Loaded: 1153 rows, 4 columns
2026-08-10 17:56:45,444 [INFO] Loading f1db-circuits-layouts.csv...
2026-08-10 17:56:45,445 [INFO]   ✓ Loaded: 160 rows, 5 columns
2026-08-10 17:56:45,445 [INFO] Loading f1db-circuits.csv...
2026-08-10 17:56:45,446 [INFO]   ✓ Loaded: 78 rows, 13 columns
2026-08-10 17:56:45,446 [INFO] Loading f1db-constructors-chronology.csv...
2026-08-10 17:56:45,446 [INFO]   ✓ Loaded: 217 rows, 5 columns
2026-08-10 17:56:45,446 [INFO] Loading f1db-constructors.csv...
2026-08-10 17:56:45,447 [INFO]   ✓ Loaded: 187 rows, 22 columns
2026-08-10 17:56:45,447 [INFO] Loading f1db-continents.csv...
2026-08-10 17:56:45,447 [INFO]   ✓ Loaded: 7 rows, 4 columns
2026-08-10 17:56:45,447 [INFO] Loading f1db-countries.csv...
2026-08-10 17:56:45,448 [INFO]   ✓ Loaded: 249 rows, 7 columns
2026-08-10 17:56:45,448 [INFO] Loading f1db-drivers-family-relationships.csv...
2026-08-10 17:56:45,448 [INFO]   ✓ Loaded: 86 rows, 4 columns
2026-08-10 17:56:45,448 [INFO] Loading f1db-drivers.csv...
2026-08-10 17:56:45,451 [INFO]   ✓ Loaded: 917 rows, 32 columns
2026-08-10 17:56:45,451 [INFO] Loading f1db-engine-manufacturers.csv...
2026-08-10 17:56:45,451 [INFO]   ✓ Loaded: 78 rows, 20 columns
2026-08-10 17:56:45,451 [INFO] Loading f1db-engines.csv...
2026-08-10 17:56:45,452 [INFO]   ✓ Loaded: 424 rows, 7 columns
2026-08-10 17:56:45,452 [INFO] Loading f1db-entrants.csv...
2026-08-10 17:56:45,452 [INFO]   ✓ Loaded: 830 rows, 2 columns
2026-08-10 17:56:45,452 [INFO] Loading f1db-grands-prix.csv...
2026-08-10 17:56:45,453 [INFO]   ✓ Loaded: 54 rows, 7 columns
2026-08-10 17:56:45,453 [INFO] Loading f1db-races-constructor-standings.csv...
2026-08-10 17:56:45,456 [INFO]   ✓ Loaded: 10610 rows, 11 columns
2026-08-10 17:56:45,456 [INFO] Loading f1db-races-driver-of-the-day-results.csv...
2026-08-10 17:56:45,457 [INFO]   ✓ Loaded: 874 rows, 12 columns
2026-08-10 17:56:45,457 [INFO] Loading f1db-races-driver-standings.csv...
2026-08-10 17:56:45,463 [INFO]   ✓ Loaded: 21449 rows, 10 columns
2026-08-10 17:56:45,463 [INFO] Loading f1db-races-fastest-laps.csv...
2026-08-10 17:56:45,475 [INFO]   ✓ Loaded: 17085 rows, 18 columns
2026-08-10 17:56:45,475 [INFO] Loading f1db-races-free-practice-1-results.csv...
2026-08-10 17:56:45,487 [INFO]   ✓ Loaded: 16076 rows, 18 columns
2026-08-10 17:56:45,488 [INFO] Loading f1db-races-free-practice-2-results.csv...
2026-08-10 17:56:45,499 [INFO]   ✓ Loaded: 15509 rows, 18 columns
2026-08-10 17:56:45,500 [INFO] Loading f1db-races-free-practice-3-results.csv...
2026-08-10 17:56:45,506 [INFO]   ✓ Loaded: 8823 rows, 18 columns
2026-08-10 17:56:45,506 [INFO] Loading f1db-races-free-practice-4-results.csv...
2026-08-10 17:56:45,507 [INFO]   ✓ Loaded: 706 rows, 18 columns
2026-08-10 17:56:45,507 [INFO] Loading f1db-races-pit-stops.csv...
2026-08-10 17:56:45,518 [INFO]   ✓ Loaded: 22430 rows, 15 columns
2026-08-10 17:56:45,519 [INFO] Loading f1db-races-pre-qualifying-results.csv...
2026-08-10 17:56:45,520 [INFO]   ✓ Loaded: 647 rows, 24 columns
2026-08-10 17:56:45,520 [INFO] Loading f1db-races-qualifying-1-results.csv...
2026-08-10 17:56:45,526 [INFO]   ✓ Loaded: 7707 rows, 24 columns
2026-08-10 17:56:45,526 [INFO] Loading f1db-races-qualifying-2-results.csv...
2026-08-10 17:56:45,533 [INFO]   ✓ Loaded: 7541 rows, 24 columns
2026-08-10 17:56:45,533 [INFO] Loading f1db-races-qualifying-results.csv...
2026-08-10 17:56:45,558 [INFO]   ✓ Loaded: 26954 rows, 24 columns
2026-08-10 17:56:45,558 [INFO] Loading f1db-races-race-results.csv...
2026-08-10 17:56:45,589 [INFO]   ✓ Loaded: 27533 rows, 34 columns
2026-08-10 17:56:45,589 [INFO] Loading f1db-races-sprint-qualifying-results.csv...
2026-08-10 17:56:45,590 [INFO]   ✓ Loaded: 444 rows, 24 columns
2026-08-10 17:56:45,590 [INFO] Loading f1db-races-sprint-race-results.csv...
2026-08-10 17:56:45,592 [INFO]   ✓ Loaded: 568 rows, 34 columns
2026-08-10 17:56:45,592 [INFO] Loading f1db-races-sprint-starting-grid-positions.csv...
2026-08-10 17:56:45,593 [INFO]   ✓ Loaded: 567 rows, 17 columns
2026-08-10 17:56:45,593 [INFO] Loading f1db-races-starting-grid-positions.csv...
2026-08-10 17:56:45,609 [INFO]   ✓ Loaded: 25770 rows, 17 columns
2026-08-10 17:56:45,609 [INFO] Loading f1db-races-warming-up-results.csv...
2026-08-10 17:56:45,616 [INFO]   ✓ Loaded: 7683 rows, 18 columns
2026-08-10 17:56:45,616 [INFO] Loading f1db-races.csv...
2026-08-10 17:56:45,619 [INFO]   ✓ Loaded: 1171 rows, 47 columns
2026-08-10 17:56:45,619 [INFO] Loading f1db-seasons-constructor-standings.csv...
2026-08-10 17:56:45,619 [INFO]   ✓ Loaded: 721 rows, 8 columns
2026-08-10 17:56:45,619 [INFO] Loading f1db-seasons-constructors.csv...
2026-08-10 17:56:45,620 [INFO]   ✓ Loaded: 1079 rows, 19 columns
2026-08-10 17:56:45,621 [INFO] Loading f1db-seasons-driver-standings.csv...
2026-08-10 17:56:45,621 [INFO]   ✓ Loaded: 1680 rows, 7 columns
2026-08-10 17:56:45,621 [INFO] Loading f1db-seasons-drivers.csv...
2026-08-10 17:56:45,623 [INFO]   ✓ Loaded: 3415 rows, 19 columns
2026-08-10 17:56:45,623 [INFO] Loading f1db-seasons-engine-manufacturers.csv...
2026-08-10 17:56:45,624 [INFO]   ✓ Loaded: 560 rows, 18 columns
2026-08-10 17:56:45,624 [INFO] Loading f1db-seasons-entrants-chassis.csv...
2026-08-10 17:56:45,625 [INFO]   ✓ Loaded: 2292 rows, 5 columns
2026-08-10 17:56:45,625 [INFO] Loading f1db-seasons-entrants-constructors.csv...
2026-08-10 17:56:45,626 [INFO]   ✓ Loaded: 1925 rows, 4 columns
2026-08-10 17:56:45,626 [INFO] Loading f1db-seasons-entrants-drivers.csv...
2026-08-10 17:56:45,629 [INFO]   ✓ Loaded: 3880 rows, 8 columns
2026-08-10 17:56:45,629 [INFO] Loading f1db-seasons-entrants-engines.csv...
2026-08-10 17:56:45,630 [INFO]   ✓ Loaded: 2027 rows, 5 columns
2026-08-10 17:56:45,630 [INFO] Loading f1db-seasons-entrants-tyre-manufacturers.csv...
2026-08-10 17:56:45,631 [INFO]   ✓ Loaded: 1955 rows, 5 columns
2026-08-10 17:56:45,631 [INFO] Loading f1db-seasons-entrants.csv...
2026-08-10 17:56:45,632 [INFO]   ✓ Loaded: 1799 rows, 3 columns
2026-08-10 17:56:45,632 [INFO] Loading f1db-seasons-tyre-manufacturers.csv...
2026-08-10 17:56:45,632 [INFO]   ✓ Loaded: 160 rows, 15 columns
2026-08-10 17:56:45,632 [INFO] Loading f1db-seasons.csv...
2026-08-10 17:56:45,632 [INFO]   ✓ Loaded: 77 rows, 1 columns
2026-08-10 17:56:45,632 [INFO] Loading f1db-tyre-manufacturers.csv...
2026-08-10 17:56:45,633 [INFO]   ✓ Loaded: 9 rows, 16 columns
2026-08-10 17:56:45,633 [INFO] 
✓ Loaded 47 tables from F1DB
2026-08-10 17:56:45,633 [INFO] 
2026-08-10 17:56:45,633 [INFO] ======================================================================
2026-08-10 17:56:45,633 [INFO] PHASE 2: FEATURE ENGINEERING
2026-08-10 17:56:45,633 [INFO] ======================================================================
2026-08-10 17:56:45,633 [INFO] Creating race prediction dataset (PRE-QUALIFYING)...
2026-08-10 17:56:45,633 [WARNING] No results data; skipping race prediction dataset
2026-08-10 17:56:45,633 [INFO] 
✓ Successfully created 1 datasets
2026-08-10 17:56:45,633 [INFO] 
2026-08-10 17:56:45,633 [INFO] ======================================================================
2026-08-10 17:56:45,633 [INFO] PHASE 3: SAVING DATASETS
2026-08-10 17:56:45,633 [INFO] ======================================================================
2026-08-10 17:56:45,633 [INFO] 
2026-08-10 17:56:45,633 [INFO] ======================================================================
2026-08-10 17:56:45,633 [INFO] PHASE 4: DATA QUALITY REPORT
2026-08-10 17:56:45,633 [INFO] ======================================================================
2026-08-10 17:56:45,633 [INFO] Checking 01_race_prediction_PRE_QUALIFYING...
2026-08-10 17:56:45,634 [INFO]   Rows: 0, Columns: 0
2026-08-10 17:56:45,634 [INFO]   Missing: nan%, Duplicates: 0.00%
2026-08-10 17:56:45,634 [INFO] ✓ Quality report saved: /Users/bhanubanny/Desktop/formulaOne/F1_ML_DATASETS/documentation/DATA_QUALITY_REPORT.md
2026-08-10 17:56:45,634 [INFO] 
2026-08-10 17:56:45,634 [INFO] ======================================================================
2026-08-10 17:56:45,634 [INFO] BUILD COMPLETE
2026-08-10 17:56:45,634 [INFO] ======================================================================
2026-08-10 17:56:45,634 [INFO] 
2026-08-10 17:56:45,634 [INFO] Datasets saved to: /Users/bhanubanny/Desktop/formulaOne/F1_ML_DATASETS/processed_data
2026-08-10 17:56:45,634 [INFO] Documentation saved to: /Users/bhanubanny/Desktop/formulaOne/F1_ML_DATASETS/documentation
2026-08-10 17:56:45,634 [INFO] Process log: /Users/bhanubanny/Desktop/formulaOne/F1_ML_DATASETS/documentation/process.log
2026-08-10 17:58:45,577 [INFO] ======================================================================
2026-08-10 17:58:45,578 [INFO] FORMULA 1 ML DATASET BUILDER
2026-08-10 17:58:45,578 [INFO] ======================================================================
2026-08-10 17:58:45,578 [INFO] Project Root: /Users/bhanubanny/Desktop/formulaOne/F1_ML_DATASETS
2026-08-10 17:58:45,578 [INFO] Timestamp: 2026-08-10T17:58:45.578213
2026-08-10 17:58:45,578 [INFO] 
2026-08-10 17:58:45,578 [INFO] Loading f1db-chassis.csv...
2026-08-10 17:58:45,583 [INFO]   ✓ Loaded: 1153 rows, 4 columns
2026-08-10 17:58:45,583 [INFO] Loading f1db-circuits-layouts.csv...
2026-08-10 17:58:45,583 [INFO]   ✓ Loaded: 160 rows, 5 columns
2026-08-10 17:58:45,584 [INFO] Loading f1db-circuits.csv...
2026-08-10 17:58:45,584 [INFO]   ✓ Loaded: 78 rows, 13 columns
2026-08-10 17:58:45,584 [INFO] Loading f1db-constructors-chronology.csv...
2026-08-10 17:58:45,585 [INFO]   ✓ Loaded: 217 rows, 5 columns
2026-08-10 17:58:45,585 [INFO] Loading f1db-constructors.csv...
2026-08-10 17:58:45,585 [INFO]   ✓ Loaded: 187 rows, 22 columns
2026-08-10 17:58:45,585 [INFO] Loading f1db-continents.csv...
2026-08-10 17:58:45,586 [INFO]   ✓ Loaded: 7 rows, 4 columns
2026-08-10 17:58:45,586 [INFO] Loading f1db-countries.csv...
2026-08-10 17:58:45,586 [INFO]   ✓ Loaded: 249 rows, 7 columns
2026-08-10 17:58:45,586 [INFO] Loading f1db-drivers-family-relationships.csv...
2026-08-10 17:58:45,587 [INFO]   ✓ Loaded: 86 rows, 4 columns
2026-08-10 17:58:45,587 [INFO] Loading f1db-drivers.csv...
2026-08-10 17:58:45,589 [INFO]   ✓ Loaded: 917 rows, 32 columns
2026-08-10 17:58:45,589 [INFO] Loading f1db-engine-manufacturers.csv...
2026-08-10 17:58:45,589 [INFO]   ✓ Loaded: 78 rows, 20 columns
2026-08-10 17:58:45,589 [INFO] Loading f1db-engines.csv...
2026-08-10 17:58:45,590 [INFO]   ✓ Loaded: 424 rows, 7 columns
2026-08-10 17:58:45,590 [INFO] Loading f1db-entrants.csv...
2026-08-10 17:58:45,591 [INFO]   ✓ Loaded: 830 rows, 2 columns
2026-08-10 17:58:45,591 [INFO] Loading f1db-grands-prix.csv...
2026-08-10 17:58:45,591 [INFO]   ✓ Loaded: 54 rows, 7 columns
2026-08-10 17:58:45,591 [INFO] Loading f1db-races-constructor-standings.csv...
2026-08-10 17:58:45,594 [INFO]   ✓ Loaded: 10610 rows, 11 columns
2026-08-10 17:58:45,594 [INFO] Loading f1db-races-driver-of-the-day-results.csv...
2026-08-10 17:58:45,595 [INFO]   ✓ Loaded: 874 rows, 12 columns
2026-08-10 17:58:45,595 [INFO] Loading f1db-races-driver-standings.csv...
2026-08-10 17:58:45,601 [INFO]   ✓ Loaded: 21449 rows, 10 columns
2026-08-10 17:58:45,601 [INFO] Loading f1db-races-fastest-laps.csv...
2026-08-10 17:58:45,614 [INFO]   ✓ Loaded: 17085 rows, 18 columns
2026-08-10 17:58:45,614 [INFO] Loading f1db-races-free-practice-1-results.csv...
2026-08-10 17:58:45,626 [INFO]   ✓ Loaded: 16076 rows, 18 columns
2026-08-10 17:58:45,626 [INFO] Loading f1db-races-free-practice-2-results.csv...
2026-08-10 17:58:45,638 [INFO]   ✓ Loaded: 15509 rows, 18 columns
2026-08-10 17:58:45,638 [INFO] Loading f1db-races-free-practice-3-results.csv...
2026-08-10 17:58:45,644 [INFO]   ✓ Loaded: 8823 rows, 18 columns
2026-08-10 17:58:45,644 [INFO] Loading f1db-races-free-practice-4-results.csv...
2026-08-10 17:58:45,645 [INFO]   ✓ Loaded: 706 rows, 18 columns
2026-08-10 17:58:45,645 [INFO] Loading f1db-races-pit-stops.csv...
2026-08-10 17:58:45,657 [INFO]   ✓ Loaded: 22430 rows, 15 columns
2026-08-10 17:58:45,657 [INFO] Loading f1db-races-pre-qualifying-results.csv...
2026-08-10 17:58:45,658 [INFO]   ✓ Loaded: 647 rows, 24 columns
2026-08-10 17:58:45,658 [INFO] Loading f1db-races-qualifying-1-results.csv...
2026-08-10 17:58:45,664 [INFO]   ✓ Loaded: 7707 rows, 24 columns
2026-08-10 17:58:45,664 [INFO] Loading f1db-races-qualifying-2-results.csv...
2026-08-10 17:58:45,670 [INFO]   ✓ Loaded: 7541 rows, 24 columns
2026-08-10 17:58:45,671 [INFO] Loading f1db-races-qualifying-results.csv...
2026-08-10 17:58:45,694 [INFO]   ✓ Loaded: 26954 rows, 24 columns
2026-08-10 17:58:45,695 [INFO] Loading f1db-races-race-results.csv...
2026-08-10 17:58:45,726 [INFO]   ✓ Loaded: 27533 rows, 34 columns
2026-08-10 17:58:45,726 [INFO] Loading f1db-races-sprint-qualifying-results.csv...
2026-08-10 17:58:45,727 [INFO]   ✓ Loaded: 444 rows, 24 columns
2026-08-10 17:58:45,727 [INFO] Loading f1db-races-sprint-race-results.csv...
2026-08-10 17:58:45,728 [INFO]   ✓ Loaded: 568 rows, 34 columns
2026-08-10 17:58:45,728 [INFO] Loading f1db-races-sprint-starting-grid-positions.csv...
2026-08-10 17:58:45,729 [INFO]   ✓ Loaded: 567 rows, 17 columns
2026-08-10 17:58:45,729 [INFO] Loading f1db-races-starting-grid-positions.csv...
2026-08-10 17:58:45,746 [INFO]   ✓ Loaded: 25770 rows, 17 columns
2026-08-10 17:58:45,746 [INFO] Loading f1db-races-warming-up-results.csv...
2026-08-10 17:58:45,752 [INFO]   ✓ Loaded: 7683 rows, 18 columns
2026-08-10 17:58:45,752 [INFO] Loading f1db-races.csv...
2026-08-10 17:58:45,756 [INFO]   ✓ Loaded: 1171 rows, 47 columns
2026-08-10 17:58:45,756 [INFO] Loading f1db-seasons-constructor-standings.csv...
2026-08-10 17:58:45,756 [INFO]   ✓ Loaded: 721 rows, 8 columns
2026-08-10 17:58:45,756 [INFO] Loading f1db-seasons-constructors.csv...
2026-08-10 17:58:45,757 [INFO]   ✓ Loaded: 1079 rows, 19 columns
2026-08-10 17:58:45,757 [INFO] Loading f1db-seasons-driver-standings.csv...
2026-08-10 17:58:45,758 [INFO]   ✓ Loaded: 1680 rows, 7 columns
2026-08-10 17:58:45,758 [INFO] Loading f1db-seasons-drivers.csv...
2026-08-10 17:58:45,760 [INFO]   ✓ Loaded: 3415 rows, 19 columns
2026-08-10 17:58:45,760 [INFO] Loading f1db-seasons-engine-manufacturers.csv...
2026-08-10 17:58:45,761 [INFO]   ✓ Loaded: 560 rows, 18 columns
2026-08-10 17:58:45,761 [INFO] Loading f1db-seasons-entrants-chassis.csv...
2026-08-10 17:58:45,762 [INFO]   ✓ Loaded: 2292 rows, 5 columns
2026-08-10 17:58:45,762 [INFO] Loading f1db-seasons-entrants-constructors.csv...
2026-08-10 17:58:45,763 [INFO]   ✓ Loaded: 1925 rows, 4 columns
2026-08-10 17:58:45,763 [INFO] Loading f1db-seasons-entrants-drivers.csv...
2026-08-10 17:58:45,766 [INFO]   ✓ Loaded: 3880 rows, 8 columns
2026-08-10 17:58:45,766 [INFO] Loading f1db-seasons-entrants-engines.csv...
2026-08-10 17:58:45,767 [INFO]   ✓ Loaded: 2027 rows, 5 columns
2026-08-10 17:58:45,767 [INFO] Loading f1db-seasons-entrants-tyre-manufacturers.csv...
2026-08-10 17:58:45,768 [INFO]   ✓ Loaded: 1955 rows, 5 columns
2026-08-10 17:58:45,768 [INFO] Loading f1db-seasons-entrants.csv...
2026-08-10 17:58:45,768 [INFO]   ✓ Loaded: 1799 rows, 3 columns
2026-08-10 17:58:45,768 [INFO] Loading f1db-seasons-tyre-manufacturers.csv...
2026-08-10 17:58:45,769 [INFO]   ✓ Loaded: 160 rows, 15 columns
2026-08-10 17:58:45,769 [INFO] Loading f1db-seasons.csv...
2026-08-10 17:58:45,769 [INFO]   ✓ Loaded: 77 rows, 1 columns
2026-08-10 17:58:45,769 [INFO] Loading f1db-tyre-manufacturers.csv...
2026-08-10 17:58:45,769 [INFO]   ✓ Loaded: 9 rows, 16 columns
2026-08-10 17:58:45,769 [INFO] 
✓ Loaded 47 tables from F1DB
2026-08-10 17:58:45,769 [INFO] 
2026-08-10 17:58:45,769 [INFO] ======================================================================
2026-08-10 17:58:45,769 [INFO] PHASE 2: FEATURE ENGINEERING
2026-08-10 17:58:45,769 [INFO] ======================================================================
2026-08-10 17:58:45,770 [INFO] Creating race prediction dataset (PRE-QUALIFYING)...
2026-08-10 17:58:45,770 [WARNING] No results data; skipping race prediction dataset
2026-08-10 17:58:45,770 [INFO] 
✓ Successfully created 1 datasets
2026-08-10 17:58:45,770 [INFO] 
2026-08-10 17:58:45,770 [INFO] ======================================================================
2026-08-10 17:58:45,770 [INFO] PHASE 3: SAVING DATASETS
2026-08-10 17:58:45,770 [INFO] ======================================================================
2026-08-10 17:58:45,770 [INFO] 
2026-08-10 17:58:45,770 [INFO] ======================================================================
2026-08-10 17:58:45,770 [INFO] PHASE 4: DATA QUALITY REPORT
2026-08-10 17:58:45,770 [INFO] ======================================================================
2026-08-10 17:58:45,770 [INFO] Checking 01_race_prediction_PRE_QUALIFYING...
2026-08-10 17:58:45,770 [INFO]   Rows: 0, Columns: 0
2026-08-10 17:58:45,770 [INFO]   Missing: nan%, Duplicates: 0.00%
2026-08-10 17:58:45,771 [INFO] ✓ Quality report saved: /Users/bhanubanny/Desktop/formulaOne/F1_ML_DATASETS/documentation/DATA_QUALITY_REPORT.md
2026-08-10 17:58:45,771 [INFO] 
2026-08-10 17:58:45,771 [INFO] ======================================================================
2026-08-10 17:58:45,771 [INFO] BUILD COMPLETE
2026-08-10 17:58:45,771 [INFO] ======================================================================
2026-08-10 17:58:45,771 [INFO] 
2026-08-10 17:58:45,771 [INFO] Datasets saved to: /Users/bhanubanny/Desktop/formulaOne/F1_ML_DATASETS/processed_data
2026-08-10 17:58:45,771 [INFO] Documentation saved to: /Users/bhanubanny/Desktop/formulaOne/F1_ML_DATASETS/documentation
2026-08-10 17:58:45,771 [INFO] Process log: /Users/bhanubanny/Desktop/formulaOne/F1_ML_DATASETS/documentation/process.log
