2026-08-17 22:22:32,186 - INFO - Loading trained models...
2026-08-17 22:22:32,954 - INFO - ✓ Models loaded

2026-08-17 22:22:32,954 - INFO - ====================================================================================================
2026-08-17 22:22:32,954 - INFO - F1 PRODUCTION PREDICTION SYSTEM
2026-08-17 22:22:32,954 - INFO - ====================================================================================================

2026-08-17 22:22:32,954 - INFO - Fetching F1 data from Ergast API (1950-2026)...
2026-08-17 22:22:50,065 - INFO - 
✓ Fetched 0 seasons

2026-08-17 22:22:50,067 - ERROR - ❌ No data fetched. Exiting.
2026-08-17 22:23:39,255 - INFO - ==============================================================================================================
2026-08-17 22:23:39,255 - INFO - F1 PRODUCTION SYSTEM - COMPLETE 1950-2026
2026-08-17 22:23:39,255 - INFO - ==============================================================================================================

2026-08-17 22:23:39,255 - INFO - Data loaded: 77 seasons
2026-08-17 22:23:39,255 - INFO - Historical: 1950-2024 (75 seasons)
2026-08-17 22:23:39,255 - INFO - Predicted: 2025-2026 (2 seasons)

2026-08-17 22:23:39,255 - INFO - Generating reports...
2026-08-17 22:23:39,258 - INFO - ✓ CSV: F1_PREDICTIONS_OUTPUT/f1_1950_2026.csv
2026-08-17 22:23:39,259 - INFO - ✓ JSON: F1_PREDICTIONS_OUTPUT/f1_1950_2026.json
2026-08-17 22:23:39,259 - INFO - ✓ TXT: F1_PREDICTIONS_OUTPUT/f1_1950_2026.txt
2026-08-17 22:23:39,259 - INFO - ✓ STATS: F1_PREDICTIONS_OUTPUT/statistics.json
2026-08-17 22:23:39,259 - INFO - 
==============================================================================================================
2026-08-17 22:23:39,259 - INFO - ✓ PRODUCTION SYSTEM COMPLETE & READY
2026-08-17 22:23:39,259 - INFO - ==============================================================================================================
2026-08-17 22:23:39,259 - INFO - 
Output files:
2026-08-17 22:23:39,259 - INFO -   1. F1_PREDICTIONS_OUTPUT/f1_1950_2026.csv (Excel/spreadsheet)
2026-08-17 22:23:39,259 - INFO -   2. F1_PREDICTIONS_OUTPUT/f1_1950_2026.json (API/web ready)
2026-08-17 22:23:39,259 - INFO -   3. F1_PREDICTIONS_OUTPUT/f1_1950_2026.txt (Human readable)
2026-08-17 22:23:39,259 - INFO -   4. F1_PREDICTIONS_OUTPUT/statistics.json (Analytics)
2026-08-17 22:23:39,259 - INFO - 
✓ All tasks completed
2026-08-17 22:23:39,259 - INFO - ==============================================================================================================

