2026-08-10 22:49:40,035 - F1MLPipeline - INFO - Starting professional ML training pipeline
2026-08-10 22:49:40,035 - F1MLPipeline - INFO - [STEP 1] Generating and validating data...
2026-08-10 22:49:40,045 - F1MLPipeline - INFO - Data validation: 27533 records, 0 duplicates
2026-08-10 22:49:40,045 - F1MLPipeline - INFO - [STEP 2] Engineering features with statistical rigor...
2026-08-10 22:49:40,061 - F1MLPipeline - INFO - Engineered 28 features
2026-08-10 22:49:40,061 - F1MLPipeline - INFO - [STEP 3] Preparing targets with stratified sampling...
2026-08-10 22:49:40,063 - F1MLPipeline - INFO - winner: 1412 positive (5.13%)
2026-08-10 22:49:40,063 - F1MLPipeline - INFO - podium: 4099 positive (14.89%)
2026-08-10 22:49:40,063 - F1MLPipeline - INFO - top10: 13616 positive (49.45%)
2026-08-10 22:49:40,063 - F1MLPipeline - INFO - [STEP 4] Stratified train-test-validation split...
2026-08-10 22:49:40,153 - F1MLPipeline - INFO - Train: 19284, Val: 4119, Test: 4130
2026-08-10 22:49:40,154 - F1MLPipeline - INFO - [STEP 5] Feature scaling (RobustScaler for outliers)...
2026-08-10 22:49:40,179 - F1MLPipeline - INFO - ✓ Features scaled with RobustScaler
2026-08-10 22:49:40,180 - F1MLPipeline - INFO - [STEP 6] Hyperparameter tuning for Logistic Regression...
2026-08-10 22:49:46,535 - F1MLPipeline - INFO - LR best params: {'solver': 'liblinear', 'max_iter': 500, 'C': 10}, score: 0.7561
2026-08-10 22:50:10,027 - F1MLPipeline - INFO - RF best params: {'n_estimators': 200, 'min_samples_split': 2, 'min_samples_leaf': 2, 'max_depth': 15}, score: 0.8724
2026-08-10 22:51:16,676 - F1MLPipeline - INFO - GB best params: {'subsample': 0.8, 'n_estimators': 200, 'max_depth': 5, 'learning_rate': 0.1}, score: 0.9756
2026-08-10 22:51:18,992 - F1MLPipeline - INFO - XGB best params: {'subsample': 0.8, 'n_estimators': 200, 'max_depth': 5, 'learning_rate': 0.1}, score: 0.9734
2026-08-10 22:51:18,992 - F1MLPipeline - INFO - [STEP 7] Building stacked ensemble...
2026-08-10 22:53:27,919 - F1MLPipeline - INFO - Stacking ensemble trained
2026-08-10 22:53:53,295 - F1MLPipeline - INFO - Voting ensemble trained
2026-08-10 22:53:53,295 - F1MLPipeline - INFO - [STEP 8] Comprehensive model evaluation...
2026-08-10 22:53:53,310 - F1MLPipeline - INFO - Logistic Regression: Test Acc=0.9487, ROC-AUC=0.7363
2026-08-10 22:53:53,533 - F1MLPipeline - INFO - Random Forest: Test Acc=0.9506, ROC-AUC=0.8854
2026-08-10 22:53:53,698 - F1MLPipeline - INFO - Gradient Boosting: Test Acc=0.9705, ROC-AUC=0.9804
2026-08-10 22:53:53,726 - F1MLPipeline - INFO - XGBoost: Test Acc=0.9685, ROC-AUC=0.9786
2026-08-10 22:53:54,089 - F1MLPipeline - INFO - Voting Ensemble: Test Acc=0.9649, ROC-AUC=0.9750
2026-08-10 22:53:54,504 - F1MLPipeline - INFO - Stacking Ensemble: Test Acc=0.9714, ROC-AUC=0.9820
2026-08-10 22:53:54,504 - F1MLPipeline - INFO - [STEP 9] Cross-validation analysis...
2026-08-10 22:55:55,372 - F1MLPipeline - INFO - CV Mean Accuracy: 0.9692
2026-08-10 22:55:55,372 - F1MLPipeline - INFO - [STEP 10] Feature importance analysis...
2026-08-10 22:55:55,403 - F1MLPipeline - INFO - Top feature: grid_advantage
2026-08-10 22:55:55,403 - F1MLPipeline - INFO - [STEP 11] Saving models and artifacts...
2026-08-10 22:55:55,470 - F1MLPipeline - INFO - [STEP 12] Generating comprehensive report...
2026-08-10 22:55:55,473 - F1MLPipeline - INFO - Pipeline completed successfully
2026-08-10 22:55:55,473 - F1MLPipeline - INFO - Best model: Stacking Ensemble
2026-08-10 22:55:55,473 - F1MLPipeline - INFO - Test accuracy: 0.9714
2026-08-10 22:55:55,473 - F1MLPipeline - INFO - ROC-AUC: 0.9820
